{
    "fastqc - paired end": {
        "content": [
            [
                [
                    {
                        "id": "test",
                        "single_end": false
                    },
                    [
                        "sample1_R1_fastqc.html:md5,41b677f38b0f86944d035393a1353623",
                        "sample1_R2_fastqc.html:md5,e5f81fbe9ebbe65540963a47209fb05b"
                    ]
                ]
            ],
            [
                "versions.yml:md5,e1cc25ca8af856014824abd842e93978"
            ]
        ],
        "meta": {
            "nf-test": "0.9.2",
            "nextflow": "25.04.6"
        },
        "timestamp": "2025-09-02T09:05:51.186408663"
    },
    "fastqc - single end": {
        "content": [
            [
                [
                    {
                        "id": "test",
                        "single_end": true
                    },
                    "sample1_R1_fastqc.html:md5,41b677f38b0f86944d035393a1353623"
                ]
            ],
            [
                "versions.yml:md5,e1cc25ca8af856014824abd842e93978"
            ]
        ],
        "meta": {
            "nf-test": "0.9.2",
            "nextflow": "25.04.6"
        },
        "timestamp": "2025-09-02T09:05:38.634737475"
    }
}